// Jest Snapshot v1, https://goo.gl/fbAQLP

exports[`LogIn matches a LogIn snapshot 1`] = `
<div>
  <h2>
    Log In
  </h2>
  <form
    onSubmit={[Function]}
  >
    <input
      onChange={[Function]}
      placeholder="Email address"
      type="text"
      value=""
    />
    <input
      onChange={[Function]}
      placeholder="Password"
      type="password"
      value=""
    />
    <button>
      Log In
    </button>
  </form>
</div>
`;
